// Vitest Snapshot v1, https://vitest.dev/guide/snapshot.html

exports[`Alert > renders contents properly 1`] = `
<DocumentFragment>
  <div
    class="relative w-full rounded-lg border px-4 py-3 text-sm [&>svg+div]:translate-y-[-3px] [&>svg]:absolute [&>svg]:left-4 [&>svg]:top-4 [&>svg~*]:pl-7 bg-background text-yellow-600 dark:text-yellow-400 [&>svg]:text-yellow-600 [&>svg]:dark:text-yellow-400 border-yellow-400"
    role="alert"
  >
    <svg
      aria-hidden="true"
      class="size-5 h-5 w-5"
      data-slot="icon"
      fill="none"
      stroke="currentColor"
      stroke-width="1.5"
      viewBox="0 0 24 24"
      xmlns="http://www.w3.org/2000/svg"
    >
      <path
        d="M12 9v3.75m9-.75a9 9 0 1 1-18 0 9 9 0 0 1 18 0Zm-9 3.75h.008v.008H12v-.008Z"
        stroke-linecap="round"
        stroke-linejoin="round"
      />
    </svg>
    <h5
      class="mb-1 font-medium leading-none tracking-tight"
    >
      Attention
    </h5>
    <div
      class="text-sm [&_p]:leading-relaxed"
    >
      contents
    </div>
  </div>
</DocumentFragment>
`;
