// Vitest Snapshot v1, https://vitest.dev/guide/snapshot.html

exports[`Form Components > Form > renders form properly 1`] = `
<DocumentFragment>
  <div
    class="grid gap-2"
    data-slot="form-item"
  >
    <label
      class="flex items-center gap-2 text-sm leading-none font-medium select-none group-data-[disabled=true]:pointer-events-none group-data-[disabled=true]:opacity-50 peer-disabled:cursor-not-allowed peer-disabled:opacity-50 data-[error=true]:text-destructive"
      data-error="false"
      data-slot="form-label"
      for="_r_0_-form-item"
    >
      Test Label
    </label>
    <input
      aria-describedby="_r_0_-form-item-description"
      aria-invalid="false"
      class="h-8 w-full min-w-0 rounded-lg border border-input bg-transparent px-2.5 py-1 text-base transition-colors outline-none file:inline-flex file:h-6 file:border-0 file:bg-transparent file:text-sm file:font-medium file:text-foreground placeholder:text-muted-foreground focus-visible:border-ring focus-visible:ring-3 focus-visible:ring-ring/50 disabled:pointer-events-none disabled:cursor-not-allowed disabled:bg-input/50 disabled:opacity-50 aria-invalid:border-destructive aria-invalid:ring-3 aria-invalid:ring-destructive/20 md:text-sm dark:bg-input/30 dark:disabled:bg-input/80 dark:aria-invalid:border-destructive/50 dark:aria-invalid:ring-destructive/40"
      data-slot="form-control"
      id="_r_0_-form-item"
      name="testField"
      placeholder="Enter text"
      value=""
    />
    <p
      class="text-muted-foreground text-sm"
      data-slot="form-description"
      id="_r_0_-form-item-description"
    >
      This is a test description.
    </p>
  </div>
</DocumentFragment>
`;

exports[`Form Components > FormField > renders form field with controller 1`] = `
<DocumentFragment>
  <div
    class="grid gap-2"
    data-slot="form-item"
  >
    <label
      class="flex items-center gap-2 text-sm leading-none font-medium select-none group-data-[disabled=true]:pointer-events-none group-data-[disabled=true]:opacity-50 peer-disabled:cursor-not-allowed peer-disabled:opacity-50 data-[error=true]:text-destructive"
      data-error="false"
      data-slot="form-label"
      for="_r_19_-form-item"
    >
      Test Label
    </label>
    <input
      aria-describedby="_r_19_-form-item-description"
      aria-invalid="false"
      class="h-8 w-full min-w-0 rounded-lg border border-input bg-transparent px-2.5 py-1 text-base transition-colors outline-none file:inline-flex file:h-6 file:border-0 file:bg-transparent file:text-sm file:font-medium file:text-foreground placeholder:text-muted-foreground focus-visible:border-ring focus-visible:ring-3 focus-visible:ring-ring/50 disabled:pointer-events-none disabled:cursor-not-allowed disabled:bg-input/50 disabled:opacity-50 aria-invalid:border-destructive aria-invalid:ring-3 aria-invalid:ring-destructive/20 md:text-sm dark:bg-input/30 dark:disabled:bg-input/80 dark:aria-invalid:border-destructive/50 dark:aria-invalid:ring-destructive/40"
      data-slot="form-control"
      id="_r_19_-form-item"
      name="testField"
      placeholder="Enter text"
      value=""
    />
    <p
      class="text-muted-foreground text-sm"
      data-slot="form-description"
      id="_r_19_-form-item-description"
    >
      This is a test description.
    </p>
  </div>
</DocumentFragment>
`;
