// Vitest Snapshot v1, https://vitest.dev/guide/snapshot.html

exports[`Pagination > Basic rendering > renders properly 1`] = `
<DocumentFragment>
  <nav
    aria-label="pagination"
    class="mx-auto flex w-full justify-center"
    data-slot="pagination"
    role="navigation"
  >
    <ul
      class="flex flex-row items-center gap-1"
      data-slot="pagination-content"
    >
      <li
        data-slot="pagination-item"
      >
        <a
          aria-label="Go to previous page"
          class="inline-flex items-center justify-center whitespace-nowrap rounded-md text-sm font-medium transition-all disabled:pointer-events-none disabled:opacity-50 [&_svg]:pointer-events-none [&_svg:not([class*='size-'])]:size-4 shrink-0 [&_svg]:shrink-0 outline-none focus-visible:border-ring focus-visible:ring-ring/50 focus-visible:ring-[3px] aria-invalid:ring-destructive/20 dark:aria-invalid:ring-destructive/40 aria-invalid:border-destructive hover:bg-accent hover:text-accent-foreground dark:hover:bg-accent/50 h-9 py-2 has-[>svg]:px-3 gap-1 px-2.5 sm:pl-2.5"
          data-slot="pagination-link"
          href="#"
        >
          <svg
            aria-hidden="true"
            class="lucide lucide-chevron-left"
            fill="none"
            height="24"
            stroke="currentColor"
            stroke-linecap="round"
            stroke-linejoin="round"
            stroke-width="2"
            viewBox="0 0 24 24"
            width="24"
            xmlns="http://www.w3.org/2000/svg"
          >
            <path
              d="m15 18-6-6 6-6"
            />
          </svg>
          <span
            class="hidden sm:block"
          >
            Previous
          </span>
        </a>
      </li>
      <li
        data-slot="pagination-item"
      >
        <a
          class="inline-flex items-center justify-center gap-2 whitespace-nowrap rounded-md text-sm font-medium transition-all disabled:pointer-events-none disabled:opacity-50 [&_svg]:pointer-events-none [&_svg:not([class*='size-'])]:size-4 shrink-0 [&_svg]:shrink-0 outline-none focus-visible:border-ring focus-visible:ring-ring/50 focus-visible:ring-[3px] aria-invalid:ring-destructive/20 dark:aria-invalid:ring-destructive/40 aria-invalid:border-destructive hover:bg-accent hover:text-accent-foreground dark:hover:bg-accent/50 size-9"
          data-slot="pagination-link"
          href="#"
        >
          1
        </a>
      </li>
      <li
        data-slot="pagination-item"
      >
        <a
          aria-current="page"
          class="inline-flex items-center justify-center gap-2 whitespace-nowrap rounded-md text-sm font-medium transition-all disabled:pointer-events-none disabled:opacity-50 [&_svg]:pointer-events-none [&_svg:not([class*='size-'])]:size-4 shrink-0 [&_svg]:shrink-0 outline-none focus-visible:border-ring focus-visible:ring-ring/50 focus-visible:ring-[3px] aria-invalid:ring-destructive/20 dark:aria-invalid:ring-destructive/40 aria-invalid:border-destructive border bg-background shadow-xs hover:bg-accent hover:text-accent-foreground dark:bg-input/30 dark:border-input dark:hover:bg-input/50 size-9"
          data-active="true"
          data-slot="pagination-link"
          href="#"
        >
          2
        </a>
      </li>
      <li
        data-slot="pagination-item"
      >
        <a
          class="inline-flex items-center justify-center gap-2 whitespace-nowrap rounded-md text-sm font-medium transition-all disabled:pointer-events-none disabled:opacity-50 [&_svg]:pointer-events-none [&_svg:not([class*='size-'])]:size-4 shrink-0 [&_svg]:shrink-0 outline-none focus-visible:border-ring focus-visible:ring-ring/50 focus-visible:ring-[3px] aria-invalid:ring-destructive/20 dark:aria-invalid:ring-destructive/40 aria-invalid:border-destructive hover:bg-accent hover:text-accent-foreground dark:hover:bg-accent/50 size-9"
          data-slot="pagination-link"
          href="#"
        >
          3
        </a>
      </li>
      <li
        data-slot="pagination-item"
      >
        <span
          aria-hidden="true"
          class="flex size-9 items-center justify-center"
          data-slot="pagination-ellipsis"
        >
          <svg
            aria-hidden="true"
            class="lucide lucide-ellipsis size-4"
            fill="none"
            height="24"
            stroke="currentColor"
            stroke-linecap="round"
            stroke-linejoin="round"
            stroke-width="2"
            viewBox="0 0 24 24"
            width="24"
            xmlns="http://www.w3.org/2000/svg"
          >
            <circle
              cx="12"
              cy="12"
              r="1"
            />
            <circle
              cx="19"
              cy="12"
              r="1"
            />
            <circle
              cx="5"
              cy="12"
              r="1"
            />
          </svg>
          <span
            class="sr-only"
          >
            More pages
          </span>
        </span>
      </li>
      <li
        data-slot="pagination-item"
      >
        <a
          aria-label="Go to next page"
          class="inline-flex items-center justify-center whitespace-nowrap rounded-md text-sm font-medium transition-all disabled:pointer-events-none disabled:opacity-50 [&_svg]:pointer-events-none [&_svg:not([class*='size-'])]:size-4 shrink-0 [&_svg]:shrink-0 outline-none focus-visible:border-ring focus-visible:ring-ring/50 focus-visible:ring-[3px] aria-invalid:ring-destructive/20 dark:aria-invalid:ring-destructive/40 aria-invalid:border-destructive hover:bg-accent hover:text-accent-foreground dark:hover:bg-accent/50 h-9 py-2 has-[>svg]:px-3 gap-1 px-2.5 sm:pr-2.5"
          data-slot="pagination-link"
          href="#"
        >
          <span
            class="hidden sm:block"
          >
            Next
          </span>
          <svg
            aria-hidden="true"
            class="lucide lucide-chevron-right"
            fill="none"
            height="24"
            stroke="currentColor"
            stroke-linecap="round"
            stroke-linejoin="round"
            stroke-width="2"
            viewBox="0 0 24 24"
            width="24"
            xmlns="http://www.w3.org/2000/svg"
          >
            <path
              d="m9 18 6-6-6-6"
            />
          </svg>
        </a>
      </li>
    </ul>
  </nav>
</DocumentFragment>
`;
