// Vitest Snapshot v1, https://vitest.dev/guide/snapshot.html

exports[`SearchBox > renders contents properly 1`] = `
<DocumentFragment>
  <div
    class="relative w-full max-w-sm"
  >
    <svg
      aria-hidden="true"
      class="lucide lucide-search pointer-events-none absolute left-3 top-1/2 h-4 w-4 -translate-y-1/2 text-muted-foreground"
      fill="none"
      height="24"
      stroke="currentColor"
      stroke-linecap="round"
      stroke-linejoin="round"
      stroke-width="2"
      viewBox="0 0 24 24"
      width="24"
      xmlns="http://www.w3.org/2000/svg"
    >
      <path
        d="m21 21-4.34-4.34"
      />
      <circle
        cx="11"
        cy="11"
        r="8"
      />
    </svg>
    <input
      class="file:text-foreground placeholder:text-muted-foreground selection:bg-primary selection:text-primary-foreground dark:bg-input/30 border-input flex h-9 w-full min-w-0 rounded-md border bg-transparent px-3 py-1 text-base shadow-xs transition-[color,box-shadow] outline-none file:inline-flex file:h-7 file:border-0 file:bg-transparent file:text-sm file:font-medium disabled:pointer-events-none disabled:cursor-not-allowed disabled:opacity-50 md:text-sm focus-visible:border-ring focus-visible:ring-ring/50 focus-visible:ring-[3px] aria-invalid:ring-destructive/20 dark:aria-invalid:ring-destructive/40 aria-invalid:border-destructive pl-9"
      data-slot="input"
      placeholder="Enter text"
      type="search"
    />
  </div>
</DocumentFragment>
`;
