// Vitest Snapshot v1, https://vitest.dev/guide/snapshot.html

exports[`Separator > Basic rendering > renders properly 1`] = `
<DocumentFragment>
  <div>
    <div
      class="space-y-1"
    >
      <h4
        class="text-sm leading-none font-medium"
      >
        Base UI Primitives
      </h4>
      <p
        class="text-muted-foreground text-sm"
      >
        An open-source UI component library.
      </p>
    </div>
    <div
      aria-orientation="horizontal"
      class="shrink-0 bg-border data-horizontal:h-px data-horizontal:w-full data-vertical:w-px data-vertical:self-stretch my-4"
      data-horizontal=""
      data-orientation="horizontal"
      data-slot="separator"
      role="separator"
    />
    <div
      class="flex h-5 items-center space-x-4 text-sm"
    >
      <div>
        Blog
      </div>
      <div
        aria-orientation="vertical"
        class="shrink-0 bg-border data-horizontal:h-px data-horizontal:w-full data-vertical:w-px data-vertical:self-stretch"
        data-orientation="vertical"
        data-slot="separator"
        data-vertical=""
        role="separator"
      />
      <div>
        Docs
      </div>
      <div
        aria-orientation="vertical"
        class="shrink-0 bg-border data-horizontal:h-px data-horizontal:w-full data-vertical:w-px data-vertical:self-stretch"
        data-orientation="vertical"
        data-slot="separator"
        data-vertical=""
        role="separator"
      />
      <div>
        Source
      </div>
    </div>
  </div>
</DocumentFragment>
`;
