// Vitest Snapshot v1, https://vitest.dev/guide/snapshot.html

exports[`Sheet > Basic rendering > renders properly 1`] = `
<DocumentFragment>
  <button
    aria-controls="radix-«r0»"
    aria-expanded="false"
    aria-haspopup="dialog"
    class="inline-flex items-center justify-center gap-2 whitespace-nowrap rounded-md text-sm font-medium transition-all disabled:pointer-events-none disabled:opacity-50 [&_svg]:pointer-events-none [&_svg:not([class*='size-'])]:size-4 shrink-0 [&_svg]:shrink-0 outline-none focus-visible:border-ring focus-visible:ring-ring/50 focus-visible:ring-[3px] aria-invalid:ring-destructive/20 dark:aria-invalid:ring-destructive/40 aria-invalid:border-destructive border bg-background shadow-xs hover:bg-accent hover:text-accent-foreground dark:bg-input/30 dark:border-input dark:hover:bg-input/50 h-9 px-4 py-2 has-[>svg]:px-3"
    data-slot="sheet-trigger"
    data-state="closed"
    type="button"
  >
    Open
  </button>
</DocumentFragment>
`;
