// Vitest Snapshot v1, https://vitest.dev/guide/snapshot.html

exports[`Sidebar > Basic rendering > renders properly 1`] = `
<DocumentFragment>
  <div
    class="group/sidebar-wrapper flex min-h-svh w-full has-data-[variant=inset]:bg-sidebar"
    data-slot="sidebar-wrapper"
    style="--sidebar-width: 16rem; --sidebar-width-icon: 3rem;"
  >
    <div
      class="group peer hidden text-sidebar-foreground md:block"
      data-collapsible=""
      data-side="left"
      data-slot="sidebar"
      data-state="expanded"
      data-variant="sidebar"
    >
      <div
        class="relative w-(--sidebar-width) bg-transparent transition-[width] duration-200 ease-linear group-data-[collapsible=offcanvas]:w-0 group-data-[side=right]:rotate-180 group-data-[collapsible=icon]:w-(--sidebar-width-icon)"
        data-slot="sidebar-gap"
      />
      <div
        class="fixed inset-y-0 z-10 hidden h-svh w-(--sidebar-width) transition-[left,right,width] duration-200 ease-linear data-[side=left]:left-0 data-[side=left]:group-data-[collapsible=offcanvas]:left-[calc(var(--sidebar-width)*-1)] data-[side=right]:right-0 data-[side=right]:group-data-[collapsible=offcanvas]:right-[calc(var(--sidebar-width)*-1)] md:flex group-data-[collapsible=icon]:w-(--sidebar-width-icon) group-data-[side=left]:border-r group-data-[side=right]:border-l"
        data-side="left"
        data-slot="sidebar-container"
      >
        <div
          class="flex size-full flex-col bg-sidebar group-data-[variant=floating]:rounded-lg group-data-[variant=floating]:shadow-sm group-data-[variant=floating]:ring-1 group-data-[variant=floating]:ring-sidebar-border"
          data-sidebar="sidebar"
          data-slot="sidebar-inner"
        >
          <div
            class="flex flex-col gap-2 p-2"
            data-sidebar="header"
            data-slot="sidebar-header"
          >
            Header
          </div>
          <div
            class="no-scrollbar flex min-h-0 flex-1 flex-col gap-0 overflow-auto group-data-[collapsible=icon]:overflow-hidden"
            data-sidebar="content"
            data-slot="sidebar-content"
          >
            <div
              class="relative flex w-full min-w-0 flex-col p-2"
              data-sidebar="group"
              data-slot="sidebar-group"
            >
              Group 1
            </div>
            <div
              class="relative flex w-full min-w-0 flex-col p-2"
              data-sidebar="group"
              data-slot="sidebar-group"
            >
              Group 2
            </div>
          </div>
          <div
            class="flex flex-col gap-2 p-2"
            data-sidebar="footer"
            data-slot="sidebar-footer"
          >
            Footer
          </div>
        </div>
      </div>
    </div>
    <main>
      <button
        class="group/button inline-flex shrink-0 items-center justify-center border border-transparent bg-clip-padding text-sm font-medium whitespace-nowrap transition-all outline-none select-none focus-visible:border-ring focus-visible:ring-3 focus-visible:ring-ring/50 active:not-aria-[haspopup]:translate-y-px disabled:pointer-events-none disabled:opacity-50 aria-invalid:border-destructive aria-invalid:ring-3 aria-invalid:ring-destructive/20 dark:aria-invalid:border-destructive/50 dark:aria-invalid:ring-destructive/40 [&_svg]:pointer-events-none [&_svg]:shrink-0 [&_svg:not([class*='size-'])]:size-4 hover:bg-muted hover:text-foreground aria-expanded:bg-muted aria-expanded:text-foreground dark:hover:bg-muted/50 size-7 rounded-[min(var(--radius-md),12px)] in-data-[slot=button-group]:rounded-lg"
        data-sidebar="trigger"
        data-slot="sidebar-trigger"
        tabindex="0"
        type="button"
      >
        <svg
          aria-hidden="true"
          class="lucide lucide-panel-left cn-rtl-flip"
          fill="none"
          height="24"
          stroke="currentColor"
          stroke-linecap="round"
          stroke-linejoin="round"
          stroke-width="2"
          viewBox="0 0 24 24"
          width="24"
          xmlns="http://www.w3.org/2000/svg"
        >
          <rect
            height="18"
            rx="2"
            width="18"
            x="3"
            y="3"
          />
          <path
            d="M9 3v18"
          />
        </svg>
        <span
          class="sr-only"
        >
          Toggle Sidebar
        </span>
      </button>
      <h1>
        Main content
      </h1>
    </main>
  </div>
</DocumentFragment>
`;
