// Vitest Snapshot v1, https://vitest.dev/guide/snapshot.html

exports[`Switch > renders checked state properly 1`] = `
<DocumentFragment>
  <button
    aria-checked="true"
    class="data-[state=checked]:bg-primary data-[state=unchecked]:bg-input focus-visible:border-ring focus-visible:ring-ring/50 aria-invalid:ring-destructive/20 dark:aria-invalid:ring-destructive/40 aria-invalid:border-destructive dark:aria-invalid:border-destructive/50 dark:data-[state=unchecked]:bg-input/80 shrink-0 rounded-full border border-transparent focus-visible:ring-3 aria-invalid:ring-3 data-[size=default]:h-[18.4px] data-[size=default]:w-[32px] data-[size=sm]:h-[14px] data-[size=sm]:w-[24px] peer group/switch relative inline-flex items-center transition-all outline-none after:absolute after:-inset-x-3 after:-inset-y-2 disabled:cursor-not-allowed disabled:opacity-50"
    data-size="default"
    data-slot="switch"
    data-state="checked"
    role="switch"
    type="button"
    value="on"
  >
    <span
      class="bg-background dark:data-[state=unchecked]:bg-foreground dark:data-[state=checked]:bg-primary-foreground rounded-full group-data-[size=default]/switch:size-4 group-data-[size=sm]/switch:size-3 group-data-[size=default]/switch:data-[state=checked]:translate-x-[calc(100%-2px)] group-data-[size=sm]/switch:data-[state=checked]:translate-x-[calc(100%-2px)] group-data-[size=default]/switch:data-[state=unchecked]:translate-x-0 group-data-[size=sm]/switch:data-[state=unchecked]:translate-x-0 pointer-events-none block ring-0 transition-transform"
      data-slot="switch-thumb"
      data-state="checked"
    />
  </button>
</DocumentFragment>
`;

exports[`Switch > renders contents properly 1`] = `
<DocumentFragment>
  <button
    aria-checked="false"
    class="data-[state=checked]:bg-primary data-[state=unchecked]:bg-input focus-visible:border-ring focus-visible:ring-ring/50 aria-invalid:ring-destructive/20 dark:aria-invalid:ring-destructive/40 aria-invalid:border-destructive dark:aria-invalid:border-destructive/50 dark:data-[state=unchecked]:bg-input/80 shrink-0 rounded-full border border-transparent focus-visible:ring-3 aria-invalid:ring-3 data-[size=default]:h-[18.4px] data-[size=default]:w-[32px] data-[size=sm]:h-[14px] data-[size=sm]:w-[24px] peer group/switch relative inline-flex items-center transition-all outline-none after:absolute after:-inset-x-3 after:-inset-y-2 disabled:cursor-not-allowed disabled:opacity-50"
    data-size="default"
    data-slot="switch"
    data-state="unchecked"
    role="switch"
    type="button"
    value="on"
  >
    <span
      class="bg-background dark:data-[state=unchecked]:bg-foreground dark:data-[state=checked]:bg-primary-foreground rounded-full group-data-[size=default]/switch:size-4 group-data-[size=sm]/switch:size-3 group-data-[size=default]/switch:data-[state=checked]:translate-x-[calc(100%-2px)] group-data-[size=sm]/switch:data-[state=checked]:translate-x-[calc(100%-2px)] group-data-[size=default]/switch:data-[state=unchecked]:translate-x-0 group-data-[size=sm]/switch:data-[state=unchecked]:translate-x-0 pointer-events-none block ring-0 transition-transform"
      data-slot="switch-thumb"
      data-state="unchecked"
    />
  </button>
</DocumentFragment>
`;

exports[`Switch > renders disabled and checked state properly 1`] = `
<DocumentFragment>
  <button
    aria-checked="true"
    class="data-[state=checked]:bg-primary data-[state=unchecked]:bg-input focus-visible:border-ring focus-visible:ring-ring/50 aria-invalid:ring-destructive/20 dark:aria-invalid:ring-destructive/40 aria-invalid:border-destructive dark:aria-invalid:border-destructive/50 dark:data-[state=unchecked]:bg-input/80 shrink-0 rounded-full border border-transparent focus-visible:ring-3 aria-invalid:ring-3 data-[size=default]:h-[18.4px] data-[size=default]:w-[32px] data-[size=sm]:h-[14px] data-[size=sm]:w-[24px] peer group/switch relative inline-flex items-center transition-all outline-none after:absolute after:-inset-x-3 after:-inset-y-2 disabled:cursor-not-allowed disabled:opacity-50"
    data-disabled=""
    data-size="default"
    data-slot="switch"
    data-state="checked"
    disabled=""
    role="switch"
    type="button"
    value="on"
  >
    <span
      class="bg-background dark:data-[state=unchecked]:bg-foreground dark:data-[state=checked]:bg-primary-foreground rounded-full group-data-[size=default]/switch:size-4 group-data-[size=sm]/switch:size-3 group-data-[size=default]/switch:data-[state=checked]:translate-x-[calc(100%-2px)] group-data-[size=sm]/switch:data-[state=checked]:translate-x-[calc(100%-2px)] group-data-[size=default]/switch:data-[state=unchecked]:translate-x-0 group-data-[size=sm]/switch:data-[state=unchecked]:translate-x-0 pointer-events-none block ring-0 transition-transform"
      data-disabled=""
      data-slot="switch-thumb"
      data-state="checked"
    />
  </button>
</DocumentFragment>
`;

exports[`Switch > renders disabled state properly 1`] = `
<DocumentFragment>
  <button
    aria-checked="false"
    class="data-[state=checked]:bg-primary data-[state=unchecked]:bg-input focus-visible:border-ring focus-visible:ring-ring/50 aria-invalid:ring-destructive/20 dark:aria-invalid:ring-destructive/40 aria-invalid:border-destructive dark:aria-invalid:border-destructive/50 dark:data-[state=unchecked]:bg-input/80 shrink-0 rounded-full border border-transparent focus-visible:ring-3 aria-invalid:ring-3 data-[size=default]:h-[18.4px] data-[size=default]:w-[32px] data-[size=sm]:h-[14px] data-[size=sm]:w-[24px] peer group/switch relative inline-flex items-center transition-all outline-none after:absolute after:-inset-x-3 after:-inset-y-2 disabled:cursor-not-allowed disabled:opacity-50"
    data-disabled=""
    data-size="default"
    data-slot="switch"
    data-state="unchecked"
    disabled=""
    role="switch"
    type="button"
    value="on"
  >
    <span
      class="bg-background dark:data-[state=unchecked]:bg-foreground dark:data-[state=checked]:bg-primary-foreground rounded-full group-data-[size=default]/switch:size-4 group-data-[size=sm]/switch:size-3 group-data-[size=default]/switch:data-[state=checked]:translate-x-[calc(100%-2px)] group-data-[size=sm]/switch:data-[state=checked]:translate-x-[calc(100%-2px)] group-data-[size=default]/switch:data-[state=unchecked]:translate-x-0 group-data-[size=sm]/switch:data-[state=unchecked]:translate-x-0 pointer-events-none block ring-0 transition-transform"
      data-disabled=""
      data-slot="switch-thumb"
      data-state="unchecked"
    />
  </button>
</DocumentFragment>
`;

exports[`Switch > renders unchecked state properly 1`] = `
<DocumentFragment>
  <button
    aria-checked="false"
    class="data-[state=checked]:bg-primary data-[state=unchecked]:bg-input focus-visible:border-ring focus-visible:ring-ring/50 aria-invalid:ring-destructive/20 dark:aria-invalid:ring-destructive/40 aria-invalid:border-destructive dark:aria-invalid:border-destructive/50 dark:data-[state=unchecked]:bg-input/80 shrink-0 rounded-full border border-transparent focus-visible:ring-3 aria-invalid:ring-3 data-[size=default]:h-[18.4px] data-[size=default]:w-[32px] data-[size=sm]:h-[14px] data-[size=sm]:w-[24px] peer group/switch relative inline-flex items-center transition-all outline-none after:absolute after:-inset-x-3 after:-inset-y-2 disabled:cursor-not-allowed disabled:opacity-50"
    data-size="default"
    data-slot="switch"
    data-state="unchecked"
    role="switch"
    type="button"
    value="on"
  >
    <span
      class="bg-background dark:data-[state=unchecked]:bg-foreground dark:data-[state=checked]:bg-primary-foreground rounded-full group-data-[size=default]/switch:size-4 group-data-[size=sm]/switch:size-3 group-data-[size=default]/switch:data-[state=checked]:translate-x-[calc(100%-2px)] group-data-[size=sm]/switch:data-[state=checked]:translate-x-[calc(100%-2px)] group-data-[size=default]/switch:data-[state=unchecked]:translate-x-0 group-data-[size=sm]/switch:data-[state=unchecked]:translate-x-0 pointer-events-none block ring-0 transition-transform"
      data-slot="switch-thumb"
      data-state="unchecked"
    />
  </button>
</DocumentFragment>
`;
