// Vitest Snapshot v1, https://vitest.dev/guide/snapshot.html

exports[`Toggle > renders contents properly 1`] = `
<DocumentFragment>
  <button
    aria-label="Toggle"
    aria-pressed="false"
    class="group/toggle inline-flex items-center justify-center gap-1 rounded-lg text-sm font-medium whitespace-nowrap transition-all outline-none hover:bg-muted hover:text-foreground focus-visible:border-ring focus-visible:ring-[3px] focus-visible:ring-ring/50 disabled:pointer-events-none disabled:opacity-50 aria-invalid:border-destructive aria-invalid:ring-destructive/20 aria-pressed:bg-muted data-[state=on]:bg-muted dark:aria-invalid:ring-destructive/40 [&_svg]:pointer-events-none [&_svg]:shrink-0 [&_svg:not([class*='size-'])]:size-4 bg-transparent h-8 min-w-8 px-2.5 has-data-[icon=inline-end]:pr-2 has-data-[icon=inline-start]:pl-2"
    data-slot="toggle"
    tabindex="0"
    type="button"
  >
    Toggle
  </button>
</DocumentFragment>
`;

exports[`Toggle > renders disabled and pressed state properly 1`] = `
<DocumentFragment>
  <button
    aria-label="Toggle"
    aria-pressed="true"
    class="group/toggle inline-flex items-center justify-center gap-1 rounded-lg text-sm font-medium whitespace-nowrap transition-all outline-none hover:bg-muted hover:text-foreground focus-visible:border-ring focus-visible:ring-[3px] focus-visible:ring-ring/50 disabled:pointer-events-none disabled:opacity-50 aria-invalid:border-destructive aria-invalid:ring-destructive/20 aria-pressed:bg-muted data-[state=on]:bg-muted dark:aria-invalid:ring-destructive/40 [&_svg]:pointer-events-none [&_svg]:shrink-0 [&_svg:not([class*='size-'])]:size-4 bg-transparent h-8 min-w-8 px-2.5 has-data-[icon=inline-end]:pr-2 has-data-[icon=inline-start]:pl-2"
    data-disabled=""
    data-pressed=""
    data-slot="toggle"
    disabled=""
    tabindex="0"
    type="button"
  >
    Toggle
  </button>
</DocumentFragment>
`;

exports[`Toggle > renders disabled state properly 1`] = `
<DocumentFragment>
  <button
    aria-label="Toggle"
    aria-pressed="false"
    class="group/toggle inline-flex items-center justify-center gap-1 rounded-lg text-sm font-medium whitespace-nowrap transition-all outline-none hover:bg-muted hover:text-foreground focus-visible:border-ring focus-visible:ring-[3px] focus-visible:ring-ring/50 disabled:pointer-events-none disabled:opacity-50 aria-invalid:border-destructive aria-invalid:ring-destructive/20 aria-pressed:bg-muted data-[state=on]:bg-muted dark:aria-invalid:ring-destructive/40 [&_svg]:pointer-events-none [&_svg]:shrink-0 [&_svg:not([class*='size-'])]:size-4 bg-transparent h-8 min-w-8 px-2.5 has-data-[icon=inline-end]:pr-2 has-data-[icon=inline-start]:pl-2"
    data-disabled=""
    data-slot="toggle"
    disabled=""
    tabindex="0"
    type="button"
  >
    Toggle
  </button>
</DocumentFragment>
`;

exports[`Toggle > renders large size 1`] = `
<DocumentFragment>
  <button
    aria-label="Toggle"
    aria-pressed="false"
    class="group/toggle inline-flex items-center justify-center gap-1 rounded-lg text-sm font-medium whitespace-nowrap transition-all outline-none hover:bg-muted hover:text-foreground focus-visible:border-ring focus-visible:ring-[3px] focus-visible:ring-ring/50 disabled:pointer-events-none disabled:opacity-50 aria-invalid:border-destructive aria-invalid:ring-destructive/20 aria-pressed:bg-muted data-[state=on]:bg-muted dark:aria-invalid:ring-destructive/40 [&_svg]:pointer-events-none [&_svg]:shrink-0 [&_svg:not([class*='size-'])]:size-4 bg-transparent h-9 min-w-9 px-2.5 has-data-[icon=inline-end]:pr-2 has-data-[icon=inline-start]:pl-2"
    data-slot="toggle"
    tabindex="0"
    type="button"
  >
    Toggle
  </button>
</DocumentFragment>
`;

exports[`Toggle > renders outline variant 1`] = `
<DocumentFragment>
  <button
    aria-label="Toggle"
    aria-pressed="false"
    class="group/toggle inline-flex items-center justify-center gap-1 rounded-lg text-sm font-medium whitespace-nowrap transition-all outline-none hover:text-foreground focus-visible:border-ring focus-visible:ring-[3px] focus-visible:ring-ring/50 disabled:pointer-events-none disabled:opacity-50 aria-invalid:border-destructive aria-invalid:ring-destructive/20 aria-pressed:bg-muted data-[state=on]:bg-muted dark:aria-invalid:ring-destructive/40 [&_svg]:pointer-events-none [&_svg]:shrink-0 [&_svg:not([class*='size-'])]:size-4 border border-input bg-transparent hover:bg-muted h-8 min-w-8 px-2.5 has-data-[icon=inline-end]:pr-2 has-data-[icon=inline-start]:pl-2"
    data-slot="toggle"
    tabindex="0"
    type="button"
  >
    Toggle
  </button>
</DocumentFragment>
`;

exports[`Toggle > renders pressed state properly 1`] = `
<DocumentFragment>
  <button
    aria-label="Toggle"
    aria-pressed="true"
    class="group/toggle inline-flex items-center justify-center gap-1 rounded-lg text-sm font-medium whitespace-nowrap transition-all outline-none hover:bg-muted hover:text-foreground focus-visible:border-ring focus-visible:ring-[3px] focus-visible:ring-ring/50 disabled:pointer-events-none disabled:opacity-50 aria-invalid:border-destructive aria-invalid:ring-destructive/20 aria-pressed:bg-muted data-[state=on]:bg-muted dark:aria-invalid:ring-destructive/40 [&_svg]:pointer-events-none [&_svg]:shrink-0 [&_svg:not([class*='size-'])]:size-4 bg-transparent h-8 min-w-8 px-2.5 has-data-[icon=inline-end]:pr-2 has-data-[icon=inline-start]:pl-2"
    data-pressed=""
    data-slot="toggle"
    tabindex="0"
    type="button"
  >
    Toggle
  </button>
</DocumentFragment>
`;

exports[`Toggle > renders small size 1`] = `
<DocumentFragment>
  <button
    aria-label="Toggle"
    aria-pressed="false"
    class="group/toggle inline-flex items-center justify-center gap-1 font-medium whitespace-nowrap transition-all outline-none hover:bg-muted hover:text-foreground focus-visible:border-ring focus-visible:ring-[3px] focus-visible:ring-ring/50 disabled:pointer-events-none disabled:opacity-50 aria-invalid:border-destructive aria-invalid:ring-destructive/20 aria-pressed:bg-muted data-[state=on]:bg-muted dark:aria-invalid:ring-destructive/40 [&_svg]:pointer-events-none [&_svg]:shrink-0 bg-transparent h-7 min-w-7 rounded-[min(var(--radius-md),12px)] px-2.5 text-[0.8rem] has-data-[icon=inline-end]:pr-1.5 has-data-[icon=inline-start]:pl-1.5 [&_svg:not([class*='size-'])]:size-3.5"
    data-slot="toggle"
    tabindex="0"
    type="button"
  >
    Toggle
  </button>
</DocumentFragment>
`;

exports[`Toggle > renders unpressed state properly 1`] = `
<DocumentFragment>
  <button
    aria-label="Toggle"
    aria-pressed="false"
    class="group/toggle inline-flex items-center justify-center gap-1 rounded-lg text-sm font-medium whitespace-nowrap transition-all outline-none hover:bg-muted hover:text-foreground focus-visible:border-ring focus-visible:ring-[3px] focus-visible:ring-ring/50 disabled:pointer-events-none disabled:opacity-50 aria-invalid:border-destructive aria-invalid:ring-destructive/20 aria-pressed:bg-muted data-[state=on]:bg-muted dark:aria-invalid:ring-destructive/40 [&_svg]:pointer-events-none [&_svg]:shrink-0 [&_svg:not([class*='size-'])]:size-4 bg-transparent h-8 min-w-8 px-2.5 has-data-[icon=inline-end]:pr-2 has-data-[icon=inline-start]:pl-2"
    data-slot="toggle"
    tabindex="0"
    type="button"
  >
    Toggle
  </button>
</DocumentFragment>
`;
